ℹ [4121/4122] Built FinalTheorems (79s)
info: FinalTheorems.lean:110:0: FunkVolume.symmetricFunkVolume :
  True ↔
    ∀ (n : ℕ),
      1 ≤ n →
        ∀ (K : Set (Fin n → ℝ)),
          FunkVolume.IsSymmetricConvexBody K →
            ∀ (τ : ℝ),
              0 < τ →
                τ < 1 →
                  FunkVolume.funkVolume K τ < ∞ ∧
                    ENNReal.ofReal ((4 * Real.artanh τ) ^ n / ↑n.factorial) ≤ FunkVolume.funkVolume K τ
info: FinalTheorems.lean:111:0: 'FunkVolume.symmetricFunkVolume' depends on axioms: [propext, Classical.choice, Quot.sound]
info: FinalTheorems.lean:112:0: Funk.FormalConjectures.kalaiFullFlags :
  True ↔
    ∀ (n : ℕ),
      1 ≤ n →
        ∀ (P : Set (Fin n → ℝ)),
          Funk.FormalConjectures.IsFinitePolytope P →
            Funk.FormalConjectures.IsSymmetricConvexBody P →
              Finite (Funk.FormalConjectures.FullFlag P) ∧
                2 ^ n * n.factorial ≤ Nat.card (Funk.FormalConjectures.FullFlag P)
info: FinalTheorems.lean:113:0: 'Funk.FormalConjectures.kalaiFullFlags' depends on axioms: [propext, Classical.choice, Quot.sound]
Build completed successfully (4122 jobs).
